==============================================================================
T69: 진행 방향 각도 회귀 학습 (누수 없는 세션 기반 5-fold CV)
==============================================================================
라벨 952장 로드
세션 196개, 근사중복 클러스터 951개
[검사 통과] 세션 196개 / 근사중복 클러스터 951개 — 모두 단일 fold에 귀속
  fold별 장수: [191, 191, 190, 190, 190]
[캐시] 신규 156장 생성, 총 952장 (EXIF 보정 적용)
device: cpu

[fold 0] train 761 / test 191
  frozen  1/10 loss 0.3437
  frozen  2/10 loss 0.3018
  frozen  3/10 loss 0.2771
  frozen  4/10 loss 0.2682
  frozen  5/10 loss 0.2767
  frozen  6/10 loss 0.2659
  frozen  7/10 loss 0.2512
  frozen  8/10 loss 0.2362
  frozen  9/10 loss 0.2593
  frozen  10/10 loss 0.2423
  finetune 1/25 loss 0.2082
  finetune 2/25 loss 0.1630
  finetune 3/25 loss 0.1457
  finetune 4/25 loss 0.1179
  finetune 5/25 loss 0.1130
  finetune 6/25 loss 0.0932
  finetune 7/25 loss 0.0979
  finetune 8/25 loss 0.0905
  finetune 9/25 loss 0.0765
  finetune 10/25 loss 0.0742
  finetune 11/25 loss 0.0787
  finetune 12/25 loss 0.0732
  finetune 13/25 loss 0.0698
  finetune 14/25 loss 0.0689
  finetune 15/25 loss 0.0696
  finetune 16/25 loss 0.0656
  finetune 17/25 loss 0.0600
  finetune 18/25 loss 0.0598
  finetune 19/25 loss 0.0631
  finetune 20/25 loss 0.0582
  finetune 21/25 loss 0.0596
  finetune 22/25 loss 0.0608
  finetune 23/25 loss 0.0560
  finetune 24/25 loss 0.0569
  finetune 25/25 loss 0.0597
  -> fold 0 평균오차 8.7도

[fold 1] train 761 / test 191
  frozen  1/10 loss 0.3424
  frozen  2/10 loss 0.2777
  frozen  3/10 loss 0.2724
  frozen  4/10 loss 0.2552
  frozen  5/10 loss 0.2595
  frozen  6/10 loss 0.2578
  frozen  7/10 loss 0.2517
  frozen  8/10 loss 0.2506
  frozen  9/10 loss 0.2388
  frozen  10/10 loss 0.2413
  finetune 1/25 loss 0.2198
  finetune 2/25 loss 0.1658
  finetune 3/25 loss 0.1380
  finetune 4/25 loss 0.1096
  finetune 5/25 loss 0.1109
  finetune 6/25 loss 0.0987
  finetune 7/25 loss 0.0888
  finetune 8/25 loss 0.0774
  finetune 9/25 loss 0.0831
  finetune 10/25 loss 0.0720
  finetune 11/25 loss 0.0701
  finetune 12/25 loss 0.0695
  finetune 13/25 loss 0.0631
  finetune 14/25 loss 0.0659
  finetune 15/25 loss 0.0642
  finetune 16/25 loss 0.0616
  finetune 17/25 loss 0.0609
  finetune 18/25 loss 0.0621
  finetune 19/25 loss 0.0576
  finetune 20/25 loss 0.0529
  finetune 21/25 loss 0.0648
  finetune 22/25 loss 0.0555
  finetune 23/25 loss 0.0554
  finetune 24/25 loss 0.0552
  finetune 25/25 loss 0.0564
  -> fold 1 평균오차 9.7도

[fold 2] train 762 / test 190
  frozen  1/10 loss 0.3630
  frozen  2/10 loss 0.2983
  frozen  3/10 loss 0.2667
  frozen  4/10 loss 0.2572
  frozen  5/10 loss 0.2614
  frozen  6/10 loss 0.2596
  frozen  7/10 loss 0.2535
  frozen  8/10 loss 0.2497
  frozen  9/10 loss 0.2493
  frozen  10/10 loss 0.2587
  finetune 1/25 loss 0.2298
  finetune 2/25 loss 0.1758
  finetune 3/25 loss 0.1460
  finetune 4/25 loss 0.1220
  finetune 5/25 loss 0.1144
  finetune 6/25 loss 0.0944
  finetune 7/25 loss 0.0929
  finetune 8/25 loss 0.0821
  finetune 9/25 loss 0.0757
  finetune 10/25 loss 0.0740
  finetune 11/25 loss 0.0719
  finetune 12/25 loss 0.0683
  finetune 13/25 loss 0.0675
  finetune 14/25 loss 0.0669
  finetune 15/25 loss 0.0659
  finetune 16/25 loss 0.0613
  finetune 17/25 loss 0.0636
  finetune 18/25 loss 0.0607
  finetune 19/25 loss 0.0590
  finetune 20/25 loss 0.0597
  finetune 21/25 loss 0.0617
  finetune 22/25 loss 0.0558
  finetune 23/25 loss 0.0562
  finetune 24/25 loss 0.0641
  finetune 25/25 loss 0.0622
  -> fold 2 평균오차 7.9도

[fold 3] train 762 / test 190
  frozen  1/10 loss 0.3638
  frozen  2/10 loss 0.2896
  frozen  3/10 loss 0.2746
  frozen  4/10 loss 0.2652
  frozen  5/10 loss 0.2632
  frozen  6/10 loss 0.2666
  frozen  7/10 loss 0.2617
  frozen  8/10 loss 0.2477
  frozen  9/10 loss 0.2553
  frozen  10/10 loss 0.2552
  finetune 1/25 loss 0.2202
  finetune 2/25 loss 0.1749
  finetune 3/25 loss 0.1296
  finetune 4/25 loss 0.1199
  finetune 5/25 loss 0.1085
  finetune 6/25 loss 0.1010
  finetune 7/25 loss 0.0870
  finetune 8/25 loss 0.0852
  finetune 9/25 loss 0.0767
  finetune 10/25 loss 0.0714
  finetune 11/25 loss 0.0713
  finetune 12/25 loss 0.0648
  finetune 13/25 loss 0.0611
  finetune 14/25 loss 0.0629
  finetune 15/25 loss 0.0681
  finetune 16/25 loss 0.0648
  finetune 17/25 loss 0.0585
  finetune 18/25 loss 0.0639
  finetune 19/25 loss 0.0564
  finetune 20/25 loss 0.0537
  finetune 21/25 loss 0.0511
  finetune 22/25 loss 0.0549
  finetune 23/25 loss 0.0605
  finetune 24/25 loss 0.0576
  finetune 25/25 loss 0.0562
  -> fold 3 평균오차 8.5도

[fold 4] train 762 / test 190
  frozen  1/10 loss 0.3117
  frozen  2/10 loss 0.2921
  frozen  3/10 loss 0.2612
  frozen  4/10 loss 0.2593
  frozen  5/10 loss 0.2544
  frozen  6/10 loss 0.2540
  frozen  7/10 loss 0.2421
  frozen  8/10 loss 0.2514
  frozen  9/10 loss 0.2443
  frozen  10/10 loss 0.2445
  finetune 1/25 loss 0.2184
  finetune 2/25 loss 0.1668
  finetune 3/25 loss 0.1473
  finetune 4/25 loss 0.1327
  finetune 5/25 loss 0.1180
  finetune 6/25 loss 0.1102
  finetune 7/25 loss 0.0962
  finetune 8/25 loss 0.0911
  finetune 9/25 loss 0.0826
  finetune 10/25 loss 0.0807
  finetune 11/25 loss 0.0763
  finetune 12/25 loss 0.0730
  finetune 13/25 loss 0.0592
  finetune 14/25 loss 0.0635
  finetune 15/25 loss 0.0627
  finetune 16/25 loss 0.0605
  finetune 17/25 loss 0.0573
  finetune 18/25 loss 0.0650
  finetune 19/25 loss 0.0657
  finetune 20/25 loss 0.0580
  finetune 21/25 loss 0.0589
  finetune 22/25 loss 0.0588
  finetune 23/25 loss 0.0573
  finetune 24/25 loss 0.0551
  finetune 25/25 loss 0.0576
  -> fold 4 평균오차 8.2도

==============================================================================
결과 (누수 없는 교차검증, 전체 홀드아웃 예측)
==============================================================================
  학습 모델                  n=952  평균   8.6도  중앙   5.8도  ±10도내  69%  ±15도내  84%  ±20도내  90%
  기준선: 항상 0도             n=952  평균  28.1도  중앙  30.6도  ±10도내  33%  ±15도내  36%  ±20도내  39%
  기준선: 항상 평균(1도)         n=952  평균  28.2도  중앙  30.6도  ±10도내  33%  ±15도내  36%  ±20도내  38%
  기존 고전 CV           n=387  평균  34.5도  중앙  35.9도  ±10도내  37%  ±15도내  39%  ±20도내  40%   (별도 측정)

  클래스별 (학습 모델):
      1_approach         n=186  평균   8.4도  중앙   5.8도  ±10도내  69%  ±15도내  84%  ±20도내  89%
      2_front            n=275  평균   4.2도  중앙   3.4도  ±10도내  92%  ±15도내  98%  ±20도내 100%
      3_left             n=244  평균  12.3도  중앙   9.7도  ±10도내  52%  ±15도내  71%  ±20도내  81%
      4_right            n=247  평균  10.0도  중앙   7.5도  ±10도내  60%  ±15도내  81%  ±20도내  90%

예측값 저장: C:\vibecoding\crossWalk\train\angle_cv_predictions.csv

마지막 fold 모델 저장: C:\vibecoding\crossWalk\model\crosswalk_angle.pt
주의: 이 저장본은 fold 4 학습분이라 배포용이 아니다. 배포 모델은 전체 데이터로 다시 학습해야 한다.
