라벨 1027장 전량으로 배포 모델 학습
[캐시] 신규 0장 생성, 총 1027장 (EXIF 보정 적용)
  frozen  1/10 loss 0.3111
  frozen  2/10 loss 0.2961
  frozen  3/10 loss 0.2711
  frozen  4/10 loss 0.2531
  frozen  5/10 loss 0.2686
  frozen  6/10 loss 0.2518
  frozen  7/10 loss 0.2573
  frozen  8/10 loss 0.2596
  frozen  9/10 loss 0.2417
  frozen  10/10 loss 0.2411
  finetune 1/25 loss 0.2033
  finetune 2/25 loss 0.1547
  finetune 3/25 loss 0.1214
  finetune 4/25 loss 0.1091
  finetune 5/25 loss 0.1011
  finetune 6/25 loss 0.0876
  finetune 7/25 loss 0.0808
  finetune 8/25 loss 0.0762
  finetune 9/25 loss 0.0686
  finetune 10/25 loss 0.0653
  finetune 11/25 loss 0.0649
  finetune 12/25 loss 0.0669
  finetune 13/25 loss 0.0577
  finetune 14/25 loss 0.0559
  finetune 15/25 loss 0.0535
  finetune 16/25 loss 0.0526
  finetune 17/25 loss 0.0549
  finetune 18/25 loss 0.0550
  finetune 19/25 loss 0.0532
  finetune 20/25 loss 0.0531
  finetune 21/25 loss 0.0531
  finetune 22/25 loss 0.0530
  finetune 23/25 loss 0.0473
  finetune 24/25 loss 0.0521
  finetune 25/25 loss 0.0469
가중치 저장: C:\vibecoding\crossWalk\model\crosswalk_angle_final.pt
C:\vibecoding\crossWalk\train\train_angle_final.py:97: DeprecationWarning: You are using the legacy TorchScript-based ONNX export. Starting in PyTorch 2.9, the new torch.export-based ONNX exporter has become the default. Learn more about the new export logic: https://docs.pytorch.org/docs/stable/onnx_export.html. For exporting control flow: https://pytorch.org/tutorials/beginner/onnx/export_control_flow_model_to_onnx_tutorial.html
  torch.onnx.export(
ONNX 저장: C:\vibecoding\crossWalk\model\crosswalk_angle.onnx
  검증: ir_version=7, opset=12, output dims=[1, 1]
메타 저장: C:\vibecoding\crossWalk\model\angle_meta.json  (sha256 32c9d1964a214fad...)

앱 통합 시 주의: 이 모델에는 **화면 방향으로 회전된** 프레임을 넣어야 한다.
angle final exit=0
