==============================================================================
T69: 진행 방향 각도 회귀 학습 (누수 없는 세션 기반 5-fold CV)
==============================================================================
라벨 1027장 로드
세션 214개, 근사중복 클러스터 1026개
[검사 통과] 세션 214개 / 근사중복 클러스터 1026개 — 모두 단일 fold에 귀속
  fold별 장수: [206, 206, 205, 205, 205]
[캐시] 신규 100장 생성, 총 1027장 (EXIF 보정 적용)
device: cpu

[fold 0] train 821 / test 206
  frozen  1/10 loss 0.3115
  frozen  2/10 loss 0.2907
  frozen  3/10 loss 0.2655
  frozen  4/10 loss 0.2579
  frozen  5/10 loss 0.2618
  frozen  6/10 loss 0.2515
  frozen  7/10 loss 0.2569
  frozen  8/10 loss 0.2465
  frozen  9/10 loss 0.2635
  frozen  10/10 loss 0.2434
  finetune 1/25 loss 0.2067
  finetune 2/25 loss 0.1607
  finetune 3/25 loss 0.1257
  finetune 4/25 loss 0.1081
  finetune 5/25 loss 0.1067
  finetune 6/25 loss 0.0999
  finetune 7/25 loss 0.0807
  finetune 8/25 loss 0.0725
  finetune 9/25 loss 0.0757
  finetune 10/25 loss 0.0675
  finetune 11/25 loss 0.0763
  finetune 12/25 loss 0.0596
  finetune 13/25 loss 0.0618
  finetune 14/25 loss 0.0576
  finetune 15/25 loss 0.0609
  finetune 16/25 loss 0.0554
  finetune 17/25 loss 0.0607
  finetune 18/25 loss 0.0550
  finetune 19/25 loss 0.0578
  finetune 20/25 loss 0.0500
  finetune 21/25 loss 0.0518
  finetune 22/25 loss 0.0535
  finetune 23/25 loss 0.0562
  finetune 24/25 loss 0.0520
  finetune 25/25 loss 0.0569
  -> fold 0 평균오차 8.6도

[fold 1] train 821 / test 206
  frozen  1/10 loss 0.3428
  frozen  2/10 loss 0.2851
  frozen  3/10 loss 0.2707
  frozen  4/10 loss 0.2634
  frozen  5/10 loss 0.2573
  frozen  6/10 loss 0.2488
  frozen  7/10 loss 0.2670
  frozen  8/10 loss 0.2541
  frozen  9/10 loss 0.2491
  frozen  10/10 loss 0.2406
  finetune 1/25 loss 0.2119
  finetune 2/25 loss 0.1603
  finetune 3/25 loss 0.1362
  finetune 4/25 loss 0.1157
  finetune 5/25 loss 0.1057
  finetune 6/25 loss 0.0890
  finetune 7/25 loss 0.0897
  finetune 8/25 loss 0.0889
  finetune 9/25 loss 0.0780
  finetune 10/25 loss 0.0737
  finetune 11/25 loss 0.0652
  finetune 12/25 loss 0.0683
  finetune 13/25 loss 0.0651
  finetune 14/25 loss 0.0673
  finetune 15/25 loss 0.0644
  finetune 16/25 loss 0.0605
  finetune 17/25 loss 0.0512
  finetune 18/25 loss 0.0614
  finetune 19/25 loss 0.0553
  finetune 20/25 loss 0.0615
  finetune 21/25 loss 0.0547
  finetune 22/25 loss 0.0562
  finetune 23/25 loss 0.0540
  finetune 24/25 loss 0.0559
  finetune 25/25 loss 0.0568
  -> fold 1 평균오차 8.3도

[fold 2] train 822 / test 205
  frozen  1/10 loss 0.3161
  frozen  2/10 loss 0.3037
  frozen  3/10 loss 0.2597
  frozen  4/10 loss 0.2601
  frozen  5/10 loss 0.2484
  frozen  6/10 loss 0.2500
  frozen  7/10 loss 0.2528
  frozen  8/10 loss 0.2591
  frozen  9/10 loss 0.2535
  frozen  10/10 loss 0.2425
  finetune 1/25 loss 0.2103
  finetune 2/25 loss 0.1556
  finetune 3/25 loss 0.1330
  finetune 4/25 loss 0.1243
  finetune 5/25 loss 0.1003
  finetune 6/25 loss 0.0940
  finetune 7/25 loss 0.0814
  finetune 8/25 loss 0.0816
  finetune 9/25 loss 0.0748
  finetune 10/25 loss 0.0752
  finetune 11/25 loss 0.0668
  finetune 12/25 loss 0.0686
  finetune 13/25 loss 0.0616
  finetune 14/25 loss 0.0587
  finetune 15/25 loss 0.0648
  finetune 16/25 loss 0.0525
  finetune 17/25 loss 0.0499
  finetune 18/25 loss 0.0593
  finetune 19/25 loss 0.0456
  finetune 20/25 loss 0.0512
  finetune 21/25 loss 0.0538
  finetune 22/25 loss 0.0521
  finetune 23/25 loss 0.0507
  finetune 24/25 loss 0.0566
  finetune 25/25 loss 0.0493
  -> fold 2 평균오차 8.5도

[fold 3] train 822 / test 205
  frozen  1/10 loss 0.3290
  frozen  2/10 loss 0.2985
  frozen  3/10 loss 0.2652
  frozen  4/10 loss 0.2624
  frozen  5/10 loss 0.2429
  frozen  6/10 loss 0.2491
  frozen  7/10 loss 0.2488
  frozen  8/10 loss 0.2401
  frozen  9/10 loss 0.2363
  frozen  10/10 loss 0.2436
  finetune 1/25 loss 0.1986
  finetune 2/25 loss 0.1574
  finetune 3/25 loss 0.1297
  finetune 4/25 loss 0.1157
  finetune 5/25 loss 0.0993
  finetune 6/25 loss 0.1003
  finetune 7/25 loss 0.0869
  finetune 8/25 loss 0.0769
  finetune 9/25 loss 0.0715
  finetune 10/25 loss 0.0693
  finetune 11/25 loss 0.0707
  finetune 12/25 loss 0.0628
  finetune 13/25 loss 0.0604
  finetune 14/25 loss 0.0598
  finetune 15/25 loss 0.0643
  finetune 16/25 loss 0.0601
  finetune 17/25 loss 0.0582
  finetune 18/25 loss 0.0563
  finetune 19/25 loss 0.0633
  finetune 20/25 loss 0.0543
  finetune 21/25 loss 0.0534
  finetune 22/25 loss 0.0533
  finetune 23/25 loss 0.0545
  finetune 24/25 loss 0.0528
  finetune 25/25 loss 0.0558
  -> fold 3 평균오차 9.1도

[fold 4] train 822 / test 205
  frozen  1/10 loss 0.3276
  frozen  2/10 loss 0.2773
  frozen  3/10 loss 0.2647
  frozen  4/10 loss 0.2502
  frozen  5/10 loss 0.2499
  frozen  6/10 loss 0.2409
  frozen  7/10 loss 0.2469
  frozen  8/10 loss 0.2496
  frozen  9/10 loss 0.2321
  frozen  10/10 loss 0.2279
  finetune 1/25 loss 0.2051
  finetune 2/25 loss 0.1652
  finetune 3/25 loss 0.1351
  finetune 4/25 loss 0.1032
  finetune 5/25 loss 0.0997
  finetune 6/25 loss 0.0953
  finetune 7/25 loss 0.0892
  finetune 8/25 loss 0.0800
  finetune 9/25 loss 0.0779
  finetune 10/25 loss 0.0752
  finetune 11/25 loss 0.0708
  finetune 12/25 loss 0.0682
  finetune 13/25 loss 0.0666
  finetune 14/25 loss 0.0643
  finetune 15/25 loss 0.0596
  finetune 16/25 loss 0.0589
  finetune 17/25 loss 0.0601
  finetune 18/25 loss 0.0548
  finetune 19/25 loss 0.0625
  finetune 20/25 loss 0.0558
  finetune 21/25 loss 0.0585
  finetune 22/25 loss 0.0536
  finetune 23/25 loss 0.0549
  finetune 24/25 loss 0.0619
  finetune 25/25 loss 0.0570
  -> fold 4 평균오차 8.5도

==============================================================================
결과 (누수 없는 교차검증, 전체 홀드아웃 예측)
==============================================================================
  학습 모델                  n=1027  평균   8.6도  중앙   6.2도  ±10도내  70%  ±15도내  85%  ±20도내  90%
  기준선: 항상 0도             n=1027  평균  27.5도  중앙  29.3도  ±10도내  33%  ±15도내  35%  ±20도내  40%
  기준선: 항상 평균(1도)         n=1027  평균  27.7도  중앙  28.7도  ±10도내  33%  ±15도내  35%  ±20도내  39%
  기존 고전 CV           n=387  평균  34.5도  중앙  35.9도  ±10도내  37%  ±15도내  39%  ±20도내  40%   (별도 측정)

  클래스별 (학습 모델):
      1_approach         n=206  평균   8.9도  중앙   6.5도  ±10도내  65%  ±15도내  84%  ±20도내  88%
      2_front            n=268  평균   3.9도  중앙   3.2도  ±10도내  96%  ±15도내 100%  ±20도내 100%
      3_left             n=277  평균  11.8도  중앙   9.1도  ±10도내  55%  ±15도내  72%  ±20도내  84%
      4_right            n=276  평균   9.7도  중앙   7.5도  ±10도내  64%  ±15도내  83%  ±20도내  89%

예측값 저장: C:\vibecoding\crossWalk\train\angle_cv_predictions.csv

마지막 fold 모델 저장: C:\vibecoding\crossWalk\model\crosswalk_angle.pt
주의: 이 저장본은 fold 4 학습분이라 배포용이 아니다. 배포 모델은 전체 데이터로 다시 학습해야 한다.
angle cv exit=0
