Device: cpu | 세션간격 60s | 중복임계 10.0 | 5-fold
224 캐시: 신규 0 / 유지 1003
이미지 1003장 / 세션 190개 / 근사중복 클러스터 1002개
[검사 통과] 세션 190개, 근사중복 클러스터 1002개 — 모두 단일 fold에 귀속
  fold0: 200장 {'right': 40, 'left': 32, 'approach': 37, 'front': 41, 'none': 50}
  fold1: 201장 {'approach': 37, 'front': 41, 'left': 32, 'right': 40, 'none': 51}
  fold2: 202장 {'approach': 37, 'front': 42, 'left': 33, 'right': 40, 'none': 50}
  fold3: 200장 {'approach': 37, 'front': 41, 'left': 32, 'right': 40, 'none': 50}
  fold4: 200장 {'approach': 36, 'left': 32, 'front': 42, 'right': 40, 'none': 50}
[T90] 학습 전용 추가 소스 0_none_aihub: 362장 -> 'none'
[T90] 추가 소스 합계 362장 (모든 fold train 전용, 평가 제외)
[fold 0] train=1017 val=148 test=200
[fold 0] train 클래스별: {'approach': 134, 'left': 99, 'front': 135, 'right': 121, 'none': 528}
[fold 0] 손실가중 ON: [1.0, 3.94, 3.91, 5.33, 4.36]
[fold 0] frozen 01/10 loss=1.1530 acc=0.5034 val=0.5135
[fold 0] frozen 02/10 loss=0.6768 acc=0.7424 val=0.4932
[fold 0] frozen 03/10 loss=0.6680 acc=0.7483 val=0.6081
[fold 0] frozen 04/10 loss=0.5305 acc=0.8043 val=0.5878
[fold 0] frozen 05/10 loss=0.5542 acc=0.7915 val=0.6892
[fold 0] frozen 06/10 loss=0.4369 acc=0.8515 val=0.7162
[fold 0] frozen 07/10 loss=0.4612 acc=0.8269 val=0.7635
[fold 0] frozen 08/10 loss=0.4493 acc=0.8378 val=0.8176
[fold 0] frozen 09/10 loss=0.3904 acc=0.8466 val=0.7230
[fold 0] frozen 10/10 loss=0.3272 acc=0.8840 val=0.7838
[fold 0] ft     01/10 loss=0.2407 acc=0.9322 val=0.8041
[fold 0] ft     02/10 loss=0.1891 acc=0.9390 val=0.8514
[fold 0] ft     03/10 loss=0.1530 acc=0.9617 val=0.9054
[fold 0] ft     04/10 loss=0.1355 acc=0.9528 val=0.8851
[fold 0] ft     05/10 loss=0.0969 acc=0.9695 val=0.8784
[fold 0] ft     06/10 loss=0.0838 acc=0.9666 val=0.8919
[fold 0] ft     07/10 loss=0.0706 acc=0.9813 val=0.8919
[fold 0] ft     08/10 loss=0.0720 acc=0.9794 val=0.8986
[fold 0] ft     09/10 loss=0.0866 acc=0.9735 val=0.8986
[fold 0] ft     10/10 loss=0.0624 acc=0.9843 val=0.8919
[fold 0] best val_acc=0.9054
[fold 0] 완료 — held-out 200장
[fold 1] train=1100 val=64 test=201
[fold 1] train 클래스별: {'approach': 119, 'left': 124, 'front': 159, 'right': 151, 'none': 547}
[fold 1] 손실가중 ON: [1.0, 4.6, 3.44, 4.41, 3.62]
[fold 1] frozen 01/10 loss=1.0800 acc=0.5336 val=0.5625
[fold 1] frozen 02/10 loss=0.7011 acc=0.7318 val=0.5469
[fold 1] frozen 03/10 loss=0.5403 acc=0.8091 val=0.7344
[fold 1] frozen 04/10 loss=0.5397 acc=0.7891 val=0.6875
[fold 1] frozen 05/10 loss=0.5763 acc=0.7818 val=0.7188
[fold 1] frozen 06/10 loss=0.4145 acc=0.8536 val=0.7188
[fold 1] frozen 07/10 loss=0.4032 acc=0.8427 val=0.7344
[fold 1] frozen 08/10 loss=0.3855 acc=0.8527 val=0.7812
[fold 1] frozen 09/10 loss=0.3658 acc=0.8718 val=0.7969
[fold 1] frozen 10/10 loss=0.3708 acc=0.8645 val=0.8125
[fold 1] ft     01/10 loss=0.2328 acc=0.9255 val=0.8125
[fold 1] ft     02/10 loss=0.1631 acc=0.9455 val=0.7969
[fold 1] ft     03/10 loss=0.1199 acc=0.9627 val=0.8438
[fold 1] ft     04/10 loss=0.1083 acc=0.9673 val=0.8438
[fold 1] ft     05/10 loss=0.1081 acc=0.9600 val=0.8750
[fold 1] ft     06/10 loss=0.0915 acc=0.9682 val=0.8906
[fold 1] ft     07/10 loss=0.0785 acc=0.9727 val=0.8594
[fold 1] ft     08/10 loss=0.0797 acc=0.9727 val=0.8750
[fold 1] ft     09/10 loss=0.0575 acc=0.9855 val=0.8906
[fold 1] ft     10/10 loss=0.0698 acc=0.9727 val=0.8906
[fold 1] best val_acc=0.8906
[fold 1] 완료 — held-out 201장
[fold 2] train=1022 val=141 test=202
[fold 2] train 클래스별: {'approach': 106, 'left': 107, 'front': 141, 'right': 137, 'none': 531}
[fold 2] 손실가중 ON: [1.0, 5.01, 3.77, 4.96, 3.88]
[fold 2] frozen 01/10 loss=1.0457 acc=0.5372 val=0.3333
[fold 2] frozen 02/10 loss=0.7509 acc=0.7221 val=0.3901
[fold 2] frozen 03/10 loss=0.6244 acc=0.7524 val=0.6525
[fold 2] frozen 04/10 loss=0.5349 acc=0.7975 val=0.6667
[fold 2] frozen 05/10 loss=0.4579 acc=0.8307 val=0.7234
[fold 2] frozen 06/10 loss=0.4341 acc=0.8454 val=0.7376
[fold 2] frozen 07/10 loss=0.3770 acc=0.8464 val=0.7376
[fold 2] frozen 08/10 loss=0.3502 acc=0.8699 val=0.7518
[fold 2] frozen 09/10 loss=0.3357 acc=0.8728 val=0.7872
[fold 2] frozen 10/10 loss=0.2978 acc=0.8865 val=0.7376
[fold 2] ft     01/10 loss=0.2420 acc=0.9090 val=0.7730
[fold 2] ft     02/10 loss=0.1502 acc=0.9599 val=0.8156
[fold 2] ft     03/10 loss=0.1468 acc=0.9521 val=0.8014
[fold 2] ft     04/10 loss=0.1159 acc=0.9569 val=0.8156
[fold 2] ft     05/10 loss=0.0974 acc=0.9706 val=0.8156
[fold 2] ft     06/10 loss=0.0883 acc=0.9658 val=0.8156
[fold 2] ft     07/10 loss=0.0840 acc=0.9755 val=0.8014
[fold 2] ft     08/10 loss=0.0736 acc=0.9687 val=0.8156
[fold 2] ft     09/10 loss=0.0651 acc=0.9775 val=0.8156
[fold 2] ft     10/10 loss=0.0533 acc=0.9843 val=0.8156
[fold 2] best val_acc=0.8156
[fold 2] 완료 — held-out 202장
[fold 3] train=1101 val=64 test=200
[fold 3] train 클래스별: {'approach': 140, 'left': 119, 'front': 153, 'right': 149, 'none': 540}
[fold 3] 손실가중 ON: [1.0, 3.86, 3.53, 4.54, 3.62]
[fold 3] frozen 01/10 loss=1.1369 acc=0.5086 val=0.3906
[fold 3] frozen 02/10 loss=0.7798 acc=0.7139 val=0.4531
[fold 3] frozen 03/10 loss=0.6601 acc=0.7484 val=0.5938
[fold 3] frozen 04/10 loss=0.6085 acc=0.7766 val=0.5312
[fold 3] frozen 05/10 loss=0.5215 acc=0.7993 val=0.5469
[fold 3] frozen 06/10 loss=0.4739 acc=0.8238 val=0.6094
[fold 3] frozen 07/10 loss=0.4961 acc=0.8156 val=0.6562
[fold 3] frozen 08/10 loss=0.4157 acc=0.8392 val=0.5938
[fold 3] frozen 09/10 loss=0.3903 acc=0.8538 val=0.7812
[fold 3] frozen 10/10 loss=0.4061 acc=0.8411 val=0.7344
[fold 3] ft     01/10 loss=0.2569 acc=0.9083 val=0.7812
[fold 3] ft     02/10 loss=0.2221 acc=0.9255 val=0.7812
[fold 3] ft     03/10 loss=0.1702 acc=0.9464 val=0.7969
[fold 3] ft     04/10 loss=0.1361 acc=0.9564 val=0.7969
[fold 3] ft     05/10 loss=0.1097 acc=0.9646 val=0.7969
[fold 3] ft     06/10 loss=0.1033 acc=0.9682 val=0.8281
[fold 3] ft     07/10 loss=0.0885 acc=0.9728 val=0.8125
[fold 3] ft     08/10 loss=0.0825 acc=0.9728 val=0.8281
[fold 3] ft     09/10 loss=0.0870 acc=0.9682 val=0.8125
[fold 3] ft     10/10 loss=0.0993 acc=0.9709 val=0.8125
[fold 3] best val_acc=0.8281
[fold 3] 완료 — held-out 200장
[fold 4] train=1102 val=63 test=200
[fold 4] train 클래스별: {'right': 149, 'left': 117, 'approach': 143, 'front': 150, 'none': 543}
[fold 4] 손실가중 ON: [1.0, 3.8, 3.62, 4.64, 3.64]
[fold 4] frozen 01/10 loss=1.1314 acc=0.5272 val=0.2857
[fold 4] frozen 02/10 loss=0.7850 acc=0.7096 val=0.4286
[fold 4] frozen 03/10 loss=0.6677 acc=0.7459 val=0.4444
[fold 4] frozen 04/10 loss=0.5767 acc=0.7786 val=0.6190
[fold 4] frozen 05/10 loss=0.4947 acc=0.8167 val=0.6190
[fold 4] frozen 06/10 loss=0.4743 acc=0.8149 val=0.6984
[fold 4] frozen 07/10 loss=0.4499 acc=0.8312 val=0.6825
[fold 4] frozen 08/10 loss=0.3950 acc=0.8466 val=0.7937
[fold 4] frozen 09/10 loss=0.4089 acc=0.8521 val=0.6508
[fold 4] frozen 10/10 loss=0.3868 acc=0.8539 val=0.8095
[fold 4] ft     01/10 loss=0.2266 acc=0.9319 val=0.8254
[fold 4] ft     02/10 loss=0.1789 acc=0.9456 val=0.8413
[fold 4] ft     03/10 loss=0.1553 acc=0.9437 val=0.8413
[fold 4] ft     04/10 loss=0.1209 acc=0.9601 val=0.8413
[fold 4] ft     05/10 loss=0.1081 acc=0.9601 val=0.8571
[fold 4] ft     06/10 loss=0.0860 acc=0.9764 val=0.8730
[fold 4] ft     07/10 loss=0.0779 acc=0.9764 val=0.8571
[fold 4] ft     08/10 loss=0.0904 acc=0.9728 val=0.8730
[fold 4] ft     09/10 loss=0.0616 acc=0.9819 val=0.8730
[fold 4] ft     10/10 loss=0.0830 acc=0.9728 val=0.8730
[fold 4] best val_acc=0.8730
[fold 4] 완료 — held-out 200장

============================================================================
[주 지표] 세션단위 분할 + 근사중복 1장 집계  (평가 표본 1002장)
============================================================================
  none   recall=0.789 (198/251)  95% CI [0.734, 0.835]  precision=0.971  무판정=17
  approach recall=0.880 (162/184)  95% CI [0.826, 0.920]  precision=0.786  무판정=2
  front  recall=0.807 (167/207)  95% CI [0.748, 0.855]  precision=0.870  무판정=13
  left   recall=0.832 (134/161)  95% CI [0.767, 0.882]  precision=0.843  무판정=7
  right  recall=0.829 (165/199)  95% CI [0.771, 0.875]  precision=0.859  무판정=10

  front 오경보(직진->편향): 17/207 = 8.2%  95% CI [5.2%, 12.8%]
  approach 오경보(진입 전->편향): 11/184 = 6.0%  95% CI [3.4%, 10.4%]

  목표(left/right recall >= 90%) 판정:
    left  : 134/161 = 83.2%  CI [76.7%, 88.2%] -> 미달 확정
    right : 165/199 = 82.9%  CI [77.1%, 87.5%] -> 미달 확정

============================================================================
[참고] 세션단위 분할, 중복 미제거 전체 집계  (평가 표본 1003장)
============================================================================
  none   recall=0.789 (198/251)  95% CI [0.734, 0.835]  precision=0.971  무판정=17
  approach recall=0.880 (162/184)  95% CI [0.826, 0.920]  precision=0.786  무판정=2
  front  recall=0.807 (167/207)  95% CI [0.748, 0.855]  precision=0.870  무판정=13
  left   recall=0.832 (134/161)  95% CI [0.767, 0.882]  precision=0.843  무판정=7
  right  recall=0.830 (166/200)  95% CI [0.772, 0.876]  precision=0.860  무판정=10

  front 오경보(직진->편향): 17/207 = 8.2%  95% CI [5.2%, 12.8%]
  approach 오경보(진입 전->편향): 11/184 = 6.0%  95% CI [3.4%, 10.4%]

  목표(left/right recall >= 90%) 판정:
    left  : 134/161 = 83.2%  CI [76.7%, 88.2%] -> 미달 확정
    right : 166/200 = 83.0%  CI [77.2%, 87.6%] -> 미달 확정
