Device: cpu | 세션간격 60s | 중복임계 10.0 | 5-fold
224 캐시: 신규 452 / 유지 1003
이미지 1454장 / 세션 255개 / 근사중복 클러스터 1453개
[검사 통과] 세션 255개, 근사중복 클러스터 1453개 — 모두 단일 fold에 귀속
  fold0: 291장 {'right': 53, 'left': 54, 'approach': 42, 'front': 64, 'none': 78}
  fold1: 291장 {'left': 54, 'right': 53, 'front': 63, 'approach': 42, 'none': 79}
  fold2: 291장 {'approach': 42, 'left': 54, 'front': 63, 'right': 54, 'none': 78}
  fold3: 291장 {'approach': 41, 'front': 64, 'left': 54, 'right': 53, 'none': 79}
  fold4: 290장 {'approach': 42, 'front': 63, 'left': 54, 'none': 78, 'right': 53}
[T90] 학습 전용 추가 소스 0_none_aihub: 362장 -> 'none'
[T90] 학습 전용 추가 소스 0_none_surface: 650장 -> 'none'
[T90] 학습 전용 추가 소스 0_none_surface_far: 400장 -> 'none'
[T90] 학습 전용 추가 소스 1_approach_surface: 75장 -> 'approach'
[T90] 학습 전용 추가 소스 2_front_surface: 165장 -> 'front'
[T90] 학습 전용 추가 소스 3_left_surface: 2장 -> 'left'
[T90] 학습 전용 추가 소스 4_right_surface: 2장 -> 'right'
[T90] 학습 전용 추가 소스 5_crossed_surface: 16장 -> 'none'
[T90] 추가 소스 합계 1672장 (모든 fold train 전용, 평가 제외)
[fold 0] train=2738 val=97 test=291
[fold 0] train 클래스별: {'approach': 146, 'left': 199, 'front': 242, 'right': 198, 'none': 281}
[fold 0] T90(c): 추가 소스 1672장을 샘플링 비율 10%로 고정 (클래스 집계·손실가중 제외)
[fold 0] 손실가중 ON: [1.0, 1.92, 1.16, 1.41, 1.42]
[fold 0] frozen 01/10 loss=0.9416 acc=0.6194 val=0.5773
[fold 0] frozen 02/10 loss=0.6208 acc=0.7736 val=0.7526
[fold 0] frozen 03/10 loss=0.5635 acc=0.7951 val=0.8041
[fold 0] frozen 04/10 loss=0.4577 acc=0.8291 val=0.7423
[fold 0] frozen 05/10 loss=0.4245 acc=0.8433 val=0.8866
[fold 0] frozen 06/10 loss=0.3771 acc=0.8660 val=0.8144
[fold 0] frozen 07/10 loss=0.3688 acc=0.8645 val=0.8351
[fold 0] frozen 08/10 loss=0.3192 acc=0.8860 val=0.8660
[fold 0] frozen 09/10 loss=0.3104 acc=0.8853 val=0.8557
[fold 0] frozen 10/10 loss=0.2955 acc=0.8944 val=0.8557
[fold 0] ft     01/10 loss=0.1957 acc=0.9357 val=0.8866
[fold 0] ft     02/10 loss=0.1224 acc=0.9613 val=0.8969
[fold 0] ft     03/10 loss=0.0989 acc=0.9693 val=0.9072
[fold 0] ft     04/10 loss=0.0795 acc=0.9792 val=0.8969
[fold 0] ft     05/10 loss=0.0685 acc=0.9821 val=0.8969
[fold 0] ft     06/10 loss=0.0586 acc=0.9854 val=0.9072
[fold 0] ft     07/10 loss=0.0531 acc=0.9876 val=0.9175
[fold 0] ft     08/10 loss=0.0401 acc=0.9887 val=0.9072
[fold 0] ft     09/10 loss=0.0461 acc=0.9872 val=0.9072
[fold 0] ft     10/10 loss=0.0435 acc=0.9901 val=0.9072
[fold 0] best val_acc=0.9175
[fold 0] 완료 — held-out 291장
[fold 1] train=2696 val=139 test=291
[fold 1] train 클래스별: {'approach': 144, 'left': 193, 'right': 188, 'front': 236, 'none': 263}
[fold 1] T90(c): 추가 소스 1672장을 샘플링 비율 10%로 고정 (클래스 집계·손실가중 제외)
[fold 1] 손실가중 ON: [1.0, 1.83, 1.11, 1.36, 1.4]
[fold 1] frozen 01/10 loss=0.9729 acc=0.6094 val=0.5396
[fold 1] frozen 02/10 loss=0.6579 acc=0.7530 val=0.7914
[fold 1] frozen 03/10 loss=0.5594 acc=0.7975 val=0.8561
[fold 1] frozen 04/10 loss=0.4681 acc=0.8353 val=0.7770
[fold 1] frozen 05/10 loss=0.4393 acc=0.8368 val=0.8273
[fold 1] frozen 06/10 loss=0.3681 acc=0.8639 val=0.8201
[fold 1] frozen 07/10 loss=0.3640 acc=0.8591 val=0.7986
[fold 1] frozen 08/10 loss=0.3247 acc=0.8754 val=0.8058
[fold 1] frozen 09/10 loss=0.3129 acc=0.8861 val=0.7770
[fold 1] frozen 10/10 loss=0.2589 acc=0.9058 val=0.8777
[fold 1] ft     01/10 loss=0.1687 acc=0.9436 val=0.8921
[fold 1] ft     02/10 loss=0.1404 acc=0.9522 val=0.8993
[fold 1] ft     03/10 loss=0.0907 acc=0.9711 val=0.8849
[fold 1] ft     04/10 loss=0.0805 acc=0.9740 val=0.9065
[fold 1] ft     05/10 loss=0.0739 acc=0.9766 val=0.8993
[fold 1] ft     06/10 loss=0.0662 acc=0.9803 val=0.8849
[fold 1] ft     07/10 loss=0.0480 acc=0.9881 val=0.8849
[fold 1] ft     08/10 loss=0.0429 acc=0.9904 val=0.8921
[fold 1] ft     09/10 loss=0.0539 acc=0.9848 val=0.8921
[fold 1] ft     10/10 loss=0.0575 acc=0.9841 val=0.8921
[fold 1] best val_acc=0.9065
[fold 1] 완료 — held-out 291장
[fold 2] train=2705 val=130 test=291
[fold 2] train 클래스별: {'approach': 143, 'front': 222, 'right': 181, 'left': 189, 'none': 298}
[fold 2] T90(c): 추가 소스 1672장을 샘플링 비율 10%로 고정 (클래스 집계·손실가중 제외)
[fold 2] 손실가중 ON: [1.0, 2.08, 1.34, 1.58, 1.65]
[fold 2] frozen 01/10 loss=0.9281 acc=0.6388 val=0.6154
[fold 2] frozen 02/10 loss=0.6720 acc=0.7468 val=0.7154
[fold 2] frozen 03/10 loss=0.5296 acc=0.8033 val=0.7462
[fold 2] frozen 04/10 loss=0.4790 acc=0.8177 val=0.7462
[fold 2] frozen 05/10 loss=0.4273 acc=0.8403 val=0.7615
[fold 2] frozen 06/10 loss=0.3804 acc=0.8543 val=0.8154
[fold 2] frozen 07/10 loss=0.3506 acc=0.8728 val=0.7538
[fold 2] frozen 08/10 loss=0.2952 acc=0.8965 val=0.8077
[fold 2] frozen 09/10 loss=0.2985 acc=0.8876 val=0.8000
[fold 2] frozen 10/10 loss=0.2584 acc=0.9131 val=0.7692
[fold 2] ft     01/10 loss=0.1642 acc=0.9460 val=0.8462
[fold 2] ft     02/10 loss=0.1133 acc=0.9656 val=0.8615
[fold 2] ft     03/10 loss=0.0842 acc=0.9719 val=0.8385
[fold 2] ft     04/10 loss=0.0624 acc=0.9804 val=0.8846
[fold 2] ft     05/10 loss=0.0660 acc=0.9786 val=0.8462
[fold 2] ft     06/10 loss=0.0590 acc=0.9845 val=0.8538
[fold 2] ft     07/10 loss=0.0501 acc=0.9860 val=0.8769
[fold 2] ft     08/10 loss=0.0495 acc=0.9882 val=0.8692
[fold 2] ft     09/10 loss=0.0405 acc=0.9900 val=0.8692
[fold 2] ft     10/10 loss=0.0336 acc=0.9933 val=0.8769
[fold 2] best val_acc=0.8846
[fold 2] 완료 — held-out 291장
[fold 3] train=2729 val=106 test=291
[fold 3] train 클래스별: {'approach': 158, 'left': 196, 'right': 194, 'front': 227, 'none': 282}
[fold 3] T90(c): 추가 소스 1672장을 샘플링 비율 10%로 고정 (클래스 집계·손실가중 제외)
[fold 3] 손실가중 ON: [1.0, 1.78, 1.24, 1.44, 1.45]
[fold 3] frozen 01/10 loss=0.9625 acc=0.6218 val=0.4340
[fold 3] frozen 02/10 loss=0.6161 acc=0.7750 val=0.6321
[fold 3] frozen 03/10 loss=0.5463 acc=0.7955 val=0.6698
[fold 3] frozen 04/10 loss=0.4605 acc=0.8373 val=0.7170
[fold 3] frozen 05/10 loss=0.3898 acc=0.8619 val=0.7642
[fold 3] frozen 06/10 loss=0.3800 acc=0.8615 val=0.7830
[fold 3] frozen 07/10 loss=0.3645 acc=0.8663 val=0.8491
[fold 3] frozen 08/10 loss=0.3178 acc=0.8849 val=0.7264
[fold 3] frozen 09/10 loss=0.2908 acc=0.8923 val=0.8113
[fold 3] frozen 10/10 loss=0.2888 acc=0.8948 val=0.7547
[fold 3] ft     01/10 loss=0.1886 acc=0.9329 val=0.7830
[fold 3] ft     02/10 loss=0.1098 acc=0.9718 val=0.8491
[fold 3] ft     03/10 loss=0.0915 acc=0.9754 val=0.8302
[fold 3] ft     04/10 loss=0.0901 acc=0.9769 val=0.8208
[fold 3] ft     05/10 loss=0.0627 acc=0.9817 val=0.8396
[fold 3] ft     06/10 loss=0.0481 acc=0.9868 val=0.8491
[fold 3] ft     07/10 loss=0.0569 acc=0.9824 val=0.8585
[fold 3] ft     08/10 loss=0.0491 acc=0.9868 val=0.8585
[fold 3] ft     09/10 loss=0.0468 acc=0.9879 val=0.8491
[fold 3] ft     10/10 loss=0.0360 acc=0.9923 val=0.8585
[fold 3] best val_acc=0.8585
[fold 3] 완료 — held-out 291장
[fold 4] train=2671 val=165 test=290
[fold 4] train 클래스별: {'approach': 141, 'left': 186, 'front': 216, 'right': 180, 'none': 276}
[fold 4] T90(c): 추가 소스 1672장을 샘플링 비율 10%로 고정 (클래스 집계·손실가중 제외)
[fold 4] 손실가중 ON: [1.0, 1.96, 1.28, 1.48, 1.53]
[fold 4] frozen 01/10 loss=0.9178 acc=0.6462 val=0.6848
[fold 4] frozen 02/10 loss=0.6126 acc=0.7683 val=0.7818
[fold 4] frozen 03/10 loss=0.5112 acc=0.8046 val=0.8182
[fold 4] frozen 04/10 loss=0.4924 acc=0.8162 val=0.8364
[fold 4] frozen 05/10 loss=0.3899 acc=0.8544 val=0.8364
[fold 4] frozen 06/10 loss=0.3681 acc=0.8708 val=0.7576
[fold 4] frozen 07/10 loss=0.3422 acc=0.8697 val=0.7758
[fold 4] frozen 08/10 loss=0.3188 acc=0.8854 val=0.7697
[fold 4] frozen 09/10 loss=0.2777 acc=0.9015 val=0.8061
[fold 4] frozen 10/10 loss=0.2467 acc=0.9124 val=0.7939
[fold 4] ft     01/10 loss=0.1728 acc=0.9408 val=0.8545
[fold 4] ft     02/10 loss=0.1253 acc=0.9607 val=0.8121
[fold 4] ft     03/10 loss=0.0901 acc=0.9742 val=0.8364
[fold 4] ft     04/10 loss=0.0748 acc=0.9745 val=0.8485
[fold 4] ft     05/10 loss=0.0590 acc=0.9817 val=0.8424
[fold 4] ft     06/10 loss=0.0513 acc=0.9843 val=0.8606
[fold 4] ft     07/10 loss=0.0451 acc=0.9880 val=0.8788
[fold 4] ft     08/10 loss=0.0444 acc=0.9891 val=0.8727
[fold 4] ft     09/10 loss=0.0456 acc=0.9861 val=0.8848
[fold 4] ft     10/10 loss=0.0430 acc=0.9884 val=0.8848
[fold 4] best val_acc=0.8848
[fold 4] 완료 — held-out 290장

============================================================================
[주 지표] 세션단위 분할 + 근사중복 1장 집계  (평가 표본 1453장)
============================================================================
  none   recall=0.941 (369/392)  95% CI [0.913, 0.961]  precision=0.907  무판정=2
  approach recall=0.866 (181/209)  95% CI [0.813, 0.906]  precision=0.870  무판정=0
  front  recall=0.785 (249/317)  95% CI [0.737, 0.827]  precision=0.830  무판정=15
  left   recall=0.852 (230/270)  95% CI [0.805, 0.889]  precision=0.895  무판정=6
  right  recall=0.834 (221/265)  95% CI [0.784, 0.874]  precision=0.884  무판정=8

  front 오경보(직진->편향): 27/317 = 8.5%  95% CI [5.9%, 12.1%]
  approach 오경보(진입 전->편향): 11/209 = 5.3%  95% CI [3.0%, 9.2%]

  목표(left/right recall >= 90%) 판정:
    left  : 230/270 = 85.2%  CI [80.5%, 88.9%] -> 미달 확정
    right : 221/265 = 83.4%  CI [78.4%, 87.4%] -> 미달 확정

============================================================================
[참고] 세션단위 분할, 중복 미제거 전체 집계  (평가 표본 1454장)
============================================================================
  none   recall=0.941 (369/392)  95% CI [0.913, 0.961]  precision=0.907  무판정=2
  approach recall=0.866 (181/209)  95% CI [0.813, 0.906]  precision=0.870  무판정=0
  front  recall=0.785 (249/317)  95% CI [0.737, 0.827]  precision=0.830  무판정=15
  left   recall=0.852 (230/270)  95% CI [0.805, 0.889]  precision=0.895  무판정=6
  right  recall=0.835 (222/266)  95% CI [0.785, 0.874]  precision=0.884  무판정=8

  front 오경보(직진->편향): 27/317 = 8.5%  95% CI [5.9%, 12.1%]
  approach 오경보(진입 전->편향): 11/209 = 5.3%  95% CI [3.0%, 9.2%]

  목표(left/right recall >= 90%) 판정:
    left  : 230/270 = 85.2%  CI [80.5%, 88.9%] -> 미달 확정
    right : 222/266 = 83.5%  CI [78.5%, 87.4%] -> 미달 확정
