Device: cpu | 세션간격 60s | 중복임계 10.0 | 5-fold
224 캐시: 신규 0 / 유지 1003
이미지 1003장 / 세션 190개 / 근사중복 클러스터 1002개
[검사 통과] 세션 190개, 근사중복 클러스터 1002개 — 모두 단일 fold에 귀속
  fold0: 200장 {'right': 40, 'left': 32, 'approach': 37, 'front': 41, 'none': 50}
  fold1: 201장 {'approach': 37, 'front': 41, 'left': 32, 'right': 40, 'none': 51}
  fold2: 202장 {'approach': 37, 'front': 42, 'left': 33, 'right': 40, 'none': 50}
  fold3: 200장 {'approach': 37, 'front': 41, 'left': 32, 'right': 40, 'none': 50}
  fold4: 200장 {'approach': 36, 'left': 32, 'front': 42, 'right': 40, 'none': 50}
[T90] 학습 전용 추가 소스 0_none_aihub: 362장 -> 'none'
[T90] 추가 소스 합계 362장 (모든 fold train 전용, 평가 제외)
[fold 0] train=1017 val=148 test=200
[fold 0] train 클래스별: {'approach': 134, 'left': 99, 'front': 135, 'right': 121, 'none': 166}
[fold 0] T90(c): 추가 소스 362장을 샘플링 비율 10%로 고정 (클래스 집계·손실가중 제외)
[fold 0] 손실가중 ON: [1.0, 1.24, 1.23, 1.68, 1.37]
[fold 0] frozen 01/10 loss=1.0812 acc=0.5841 val=0.5946
[fold 0] frozen 02/10 loss=0.7076 acc=0.7620 val=0.7095
[fold 0] frozen 03/10 loss=0.5642 acc=0.8024 val=0.5541
[fold 0] frozen 04/10 loss=0.5093 acc=0.8161 val=0.6892
[fold 0] frozen 05/10 loss=0.4753 acc=0.8260 val=0.8041
[fold 0] frozen 06/10 loss=0.4272 acc=0.8496 val=0.7095
[fold 0] frozen 07/10 loss=0.3593 acc=0.8722 val=0.7838
[fold 0] frozen 08/10 loss=0.3624 acc=0.8771 val=0.8108
[fold 0] frozen 09/10 loss=0.3819 acc=0.8574 val=0.7432
[fold 0] frozen 10/10 loss=0.3185 acc=0.8938 val=0.7973
[fold 0] ft     01/10 loss=0.2117 acc=0.9263 val=0.8446
[fold 0] ft     02/10 loss=0.1706 acc=0.9538 val=0.8716
[fold 0] ft     03/10 loss=0.1516 acc=0.9459 val=0.8716
[fold 0] ft     04/10 loss=0.0981 acc=0.9735 val=0.8919
[fold 0] ft     05/10 loss=0.0868 acc=0.9764 val=0.8919
[fold 0] ft     06/10 loss=0.0851 acc=0.9774 val=0.8986
[fold 0] ft     07/10 loss=0.0735 acc=0.9843 val=0.9122
[fold 0] ft     08/10 loss=0.0649 acc=0.9853 val=0.9122
[fold 0] ft     09/10 loss=0.0727 acc=0.9823 val=0.9054
[fold 0] ft     10/10 loss=0.0669 acc=0.9862 val=0.9054
[fold 0] best val_acc=0.9122
[fold 0] 완료 — held-out 200장
[fold 1] train=1100 val=64 test=201
[fold 1] train 클래스별: {'approach': 119, 'left': 124, 'front': 159, 'right': 151, 'none': 185}
[fold 1] T90(c): 추가 소스 362장을 샘플링 비율 10%로 고정 (클래스 집계·손실가중 제외)
[fold 1] 손실가중 ON: [1.0, 1.55, 1.16, 1.49, 1.23]
[fold 1] frozen 01/10 loss=0.9945 acc=0.6145 val=0.6250
[fold 1] frozen 02/10 loss=0.6411 acc=0.7745 val=0.6719
[fold 1] frozen 03/10 loss=0.6152 acc=0.7700 val=0.7188
[fold 1] frozen 04/10 loss=0.5191 acc=0.8200 val=0.7812
[fold 1] frozen 05/10 loss=0.4667 acc=0.8345 val=0.7031
[fold 1] frozen 06/10 loss=0.5101 acc=0.8191 val=0.8438
[fold 1] frozen 07/10 loss=0.3496 acc=0.8700 val=0.8125
[fold 1] frozen 08/10 loss=0.3403 acc=0.8736 val=0.8125
[fold 1] frozen 09/10 loss=0.2829 acc=0.9027 val=0.8125
[fold 1] frozen 10/10 loss=0.3469 acc=0.8782 val=0.8438
[fold 1] ft     01/10 loss=0.2319 acc=0.9155 val=0.8594
[fold 1] ft     02/10 loss=0.1651 acc=0.9464 val=0.8750
[fold 1] ft     03/10 loss=0.1322 acc=0.9609 val=0.8906
[fold 1] ft     04/10 loss=0.1171 acc=0.9645 val=0.8750
[fold 1] ft     05/10 loss=0.1211 acc=0.9636 val=0.9062
[fold 1] ft     06/10 loss=0.0888 acc=0.9791 val=0.8906
[fold 1] ft     07/10 loss=0.0718 acc=0.9791 val=0.9062
[fold 1] ft     08/10 loss=0.0797 acc=0.9755 val=0.8906
[fold 1] ft     09/10 loss=0.0708 acc=0.9818 val=0.9062
[fold 1] ft     10/10 loss=0.0642 acc=0.9818 val=0.8906
[fold 1] best val_acc=0.9062
[fold 1] 완료 — held-out 201장
[fold 2] train=1022 val=141 test=202
[fold 2] train 클래스별: {'approach': 106, 'left': 107, 'front': 141, 'right': 137, 'none': 169}
[fold 2] T90(c): 추가 소스 362장을 샘플링 비율 10%로 고정 (클래스 집계·손실가중 제외)
[fold 2] 손실가중 ON: [1.0, 1.59, 1.2, 1.58, 1.23]
[fold 2] frozen 01/10 loss=1.0667 acc=0.5930 val=0.3901
[fold 2] frozen 02/10 loss=0.7163 acc=0.7407 val=0.5957
[fold 2] frozen 03/10 loss=0.5592 acc=0.8063 val=0.6525
[fold 2] frozen 04/10 loss=0.5014 acc=0.8170 val=0.6667
[fold 2] frozen 05/10 loss=0.4209 acc=0.8366 val=0.7447
[fold 2] frozen 06/10 loss=0.3855 acc=0.8591 val=0.7376
[fold 2] frozen 07/10 loss=0.5409 acc=0.8131 val=0.6525
[fold 2] frozen 08/10 loss=0.3417 acc=0.8787 val=0.7589
[fold 2] frozen 09/10 loss=0.2771 acc=0.9051 val=0.7730
[fold 2] frozen 10/10 loss=0.3034 acc=0.8904 val=0.7589
[fold 2] ft     01/10 loss=0.2147 acc=0.9325 val=0.8227
[fold 2] ft     02/10 loss=0.1478 acc=0.9599 val=0.8582
[fold 2] ft     03/10 loss=0.1285 acc=0.9638 val=0.8227
[fold 2] ft     04/10 loss=0.1008 acc=0.9609 val=0.8369
[fold 2] ft     05/10 loss=0.0727 acc=0.9804 val=0.8369
[fold 2] ft     06/10 loss=0.0842 acc=0.9755 val=0.8227
[fold 2] ft     07/10 loss=0.0862 acc=0.9755 val=0.8227
[fold 2] ft     08/10 loss=0.0762 acc=0.9814 val=0.8369
[fold 2] ft     09/10 loss=0.0612 acc=0.9834 val=0.8369
[fold 2] ft     10/10 loss=0.0600 acc=0.9873 val=0.8298
[fold 2] best val_acc=0.8582
[fold 2] 완료 — held-out 202장
[fold 3] train=1101 val=64 test=200
[fold 3] train 클래스별: {'approach': 140, 'left': 119, 'front': 153, 'right': 149, 'none': 178}
[fold 3] T90(c): 추가 소스 362장을 샘플링 비율 10%로 고정 (클래스 집계·손실가중 제외)
[fold 3] 손실가중 ON: [1.0, 1.27, 1.16, 1.5, 1.19]
[fold 3] frozen 01/10 loss=1.1179 acc=0.5613 val=0.4062
[fold 3] frozen 02/10 loss=0.7070 acc=0.7493 val=0.4219
[fold 3] frozen 03/10 loss=0.6368 acc=0.7657 val=0.6875
[fold 3] frozen 04/10 loss=0.5470 acc=0.8038 val=0.6875
[fold 3] frozen 05/10 loss=0.4526 acc=0.8401 val=0.7344
[fold 3] frozen 06/10 loss=0.4860 acc=0.8256 val=0.6406
[fold 3] frozen 07/10 loss=0.4506 acc=0.8401 val=0.6719
[fold 3] frozen 08/10 loss=0.3792 acc=0.8656 val=0.7188
[fold 3] frozen 09/10 loss=0.4128 acc=0.8538 val=0.7500
[fold 3] frozen 10/10 loss=0.3565 acc=0.8692 val=0.8281
[fold 3] ft     01/10 loss=0.2501 acc=0.9146 val=0.8125
[fold 3] ft     02/10 loss=0.2451 acc=0.9173 val=0.8594
[fold 3] ft     03/10 loss=0.1896 acc=0.9364 val=0.8750
[fold 3] ft     04/10 loss=0.1362 acc=0.9600 val=0.8594
[fold 3] ft     05/10 loss=0.1247 acc=0.9682 val=0.8438
[fold 3] ft     06/10 loss=0.1005 acc=0.9718 val=0.8438
[fold 3] ft     07/10 loss=0.0856 acc=0.9755 val=0.8906
[fold 3] ft     08/10 loss=0.0873 acc=0.9782 val=0.8750
[fold 3] ft     09/10 loss=0.0717 acc=0.9855 val=0.8750
[fold 3] ft     10/10 loss=0.1009 acc=0.9709 val=0.8750
[fold 3] best val_acc=0.8906
[fold 3] 완료 — held-out 200장
[fold 4] train=1102 val=63 test=200
[fold 4] train 클래스별: {'right': 149, 'left': 117, 'approach': 143, 'front': 150, 'none': 181}
[fold 4] T90(c): 추가 소스 362장을 샘플링 비율 10%로 고정 (클래스 집계·손실가중 제외)
[fold 4] 손실가중 ON: [1.0, 1.27, 1.21, 1.55, 1.21]
[fold 4] frozen 01/10 loss=1.0895 acc=0.5926 val=0.5238
[fold 4] frozen 02/10 loss=0.7154 acc=0.7405 val=0.5873
[fold 4] frozen 03/10 loss=0.6573 acc=0.7495 val=0.5873
[fold 4] frozen 04/10 loss=0.5515 acc=0.7985 val=0.7302
[fold 4] frozen 05/10 loss=0.4923 acc=0.8158 val=0.7460
[fold 4] frozen 06/10 loss=0.4427 acc=0.8503 val=0.8571
[fold 4] frozen 07/10 loss=0.4245 acc=0.8421 val=0.7460
[fold 4] frozen 08/10 loss=0.4625 acc=0.8303 val=0.8095
[fold 4] frozen 09/10 loss=0.3508 acc=0.8766 val=0.7460
[fold 4] frozen 10/10 loss=0.3676 acc=0.8838 val=0.8254
[fold 4] ft     01/10 loss=0.2558 acc=0.9056 val=0.8254
[fold 4] ft     02/10 loss=0.1628 acc=0.9492 val=0.8254
[fold 4] ft     03/10 loss=0.1793 acc=0.9410 val=0.8254
[fold 4] ft     04/10 loss=0.1291 acc=0.9664 val=0.8413
[fold 4] ft     05/10 loss=0.1016 acc=0.9701 val=0.8413
[fold 4] ft     06/10 loss=0.0969 acc=0.9710 val=0.8571
[fold 4] ft     07/10 loss=0.1076 acc=0.9673 val=0.8413
[fold 4] ft     08/10 loss=0.0802 acc=0.9809 val=0.8571
[fold 4] ft     09/10 loss=0.0770 acc=0.9809 val=0.8571
[fold 4] ft     10/10 loss=0.0979 acc=0.9719 val=0.8571
[fold 4] best val_acc=0.8571
[fold 4] 완료 — held-out 200장

============================================================================
[주 지표] 세션단위 분할 + 근사중복 1장 집계  (평가 표본 1002장)
============================================================================
  none   recall=0.908 (228/251)  95% CI [0.866, 0.938]  precision=0.954  무판정=6
  approach recall=0.880 (162/184)  95% CI [0.826, 0.920]  precision=0.822  무판정=4
  front  recall=0.763 (158/207)  95% CI [0.701, 0.816]  precision=0.878  무판정=14
  left   recall=0.826 (133/161)  95% CI [0.760, 0.877]  precision=0.858  무판정=9
  right  recall=0.834 (166/199)  95% CI [0.776, 0.879]  precision=0.878  무판정=9

  front 오경보(직진->편향): 20/207 = 9.7%  95% CI [6.3%, 14.5%]
  approach 오경보(진입 전->편향): 7/184 = 3.8%  95% CI [1.9%, 7.6%]

  목표(left/right recall >= 90%) 판정:
    left  : 133/161 = 82.6%  CI [76.0%, 87.7%] -> 미달 확정
    right : 166/199 = 83.4%  CI [77.6%, 87.9%] -> 미달 확정

============================================================================
[참고] 세션단위 분할, 중복 미제거 전체 집계  (평가 표본 1003장)
============================================================================
  none   recall=0.908 (228/251)  95% CI [0.866, 0.938]  precision=0.954  무판정=6
  approach recall=0.880 (162/184)  95% CI [0.826, 0.920]  precision=0.822  무판정=4
  front  recall=0.763 (158/207)  95% CI [0.701, 0.816]  precision=0.878  무판정=14
  left   recall=0.826 (133/161)  95% CI [0.760, 0.877]  precision=0.858  무판정=9
  right  recall=0.835 (167/200)  95% CI [0.777, 0.880]  precision=0.879  무판정=9

  front 오경보(직진->편향): 20/207 = 9.7%  95% CI [6.3%, 14.5%]
  approach 오경보(진입 전->편향): 7/184 = 3.8%  95% CI [1.9%, 7.6%]

  목표(left/right recall >= 90%) 판정:
    left  : 133/161 = 82.6%  CI [76.0%, 87.7%] -> 미달 확정
    right : 167/200 = 83.5%  CI [77.7%, 88.0%] -> 미달 확정
