위치 라벨 1218장 로드 (파일 없음으로 건너뜀 0장, Surface 학습 전용 170장)
위치 라벨 1218장 전량으로 배포 모델 학습
[캐시] 신규 0장, 총 1218장 (EXIF 보정, 전체 프레임)
  frozen  1/10 loss 0.4536
  frozen  2/10 loss 0.3836
  frozen  3/10 loss 0.3880
  frozen  4/10 loss 0.3719
  frozen  5/10 loss 0.3665
  frozen  6/10 loss 0.3574
  frozen  7/10 loss 0.3825
  frozen  8/10 loss 0.3585
  frozen  9/10 loss 0.3578
  frozen  10/10 loss 0.3541
  finetune 1/25 loss 0.3490
  finetune 2/25 loss 0.3387
  finetune 3/25 loss 0.3268
  finetune 4/25 loss 0.2904
  finetune 5/25 loss 0.2432
  finetune 6/25 loss 0.1998
  finetune 7/25 loss 0.1766
  finetune 8/25 loss 0.1661
  finetune 9/25 loss 0.1523
  finetune 10/25 loss 0.1441
  finetune 11/25 loss 0.1422
  finetune 12/25 loss 0.1354
  finetune 13/25 loss 0.1273
  finetune 14/25 loss 0.1280
  finetune 15/25 loss 0.1158
  finetune 16/25 loss 0.1216
  finetune 17/25 loss 0.1084
  finetune 18/25 loss 0.1054
  finetune 19/25 loss 0.1121
  finetune 20/25 loss 0.1053
  finetune 21/25 loss 0.1027
  finetune 22/25 loss 0.1011
  finetune 23/25 loss 0.1054
  finetune 24/25 loss 0.1028
  finetune 25/25 loss 0.1088
가중치 저장: C:\vibecoding\crossWalk\model\crosswalk_position_final.pt
C:\vibecoding\crossWalk\train\train_position_final.py:75: DeprecationWarning: You are using the legacy TorchScript-based ONNX export. Starting in PyTorch 2.9, the new torch.export-based ONNX exporter has become the default. Learn more about the new export logic: https://docs.pytorch.org/docs/stable/onnx_export.html. For exporting control flow: https://pytorch.org/tutorials/beginner/onnx/export_control_flow_model_to_onnx_tutorial.html
  torch.onnx.export(
ONNX 저장: C:\vibecoding\crossWalk\model\crosswalk_position.onnx
  검증: ir_version=7, opset=12, output dims=[1, 1]
메타 저장: C:\vibecoding\crossWalk\model\position_meta.json  (sha256 128996645c451899...)
에셋 복사: C:\vibecoding\crossWalk\crosswalk_app\assets\model\crosswalk_position.onnx (+ .sha256)
position final exit=0
