위치 라벨 1143장 로드 (파일 없음으로 건너뜀 0장, Surface 학습 전용 170장)
위치 라벨 1143장 전량으로 배포 모델 학습
[캐시] 신규 0장, 총 1143장 (EXIF 보정, 전체 프레임)
  frozen  1/10 loss 0.4531
  frozen  2/10 loss 0.3881
  frozen  3/10 loss 0.3773
  frozen  4/10 loss 0.3693
  frozen  5/10 loss 0.3656
  frozen  6/10 loss 0.3719
  frozen  7/10 loss 0.3769
  frozen  8/10 loss 0.3585
  frozen  9/10 loss 0.3481
  frozen  10/10 loss 0.3610
  finetune 1/25 loss 0.3444
  finetune 2/25 loss 0.3382
  finetune 3/25 loss 0.3188
  finetune 4/25 loss 0.2898
  finetune 5/25 loss 0.2335
  finetune 6/25 loss 0.2036
  finetune 7/25 loss 0.1755
  finetune 8/25 loss 0.1602
  finetune 9/25 loss 0.1456
  finetune 10/25 loss 0.1329
  finetune 11/25 loss 0.1367
  finetune 12/25 loss 0.1262
  finetune 13/25 loss 0.1263
  finetune 14/25 loss 0.1155
  finetune 15/25 loss 0.1154
  finetune 16/25 loss 0.1083
  finetune 17/25 loss 0.1031
  finetune 18/25 loss 0.1102
  finetune 19/25 loss 0.0983
  finetune 20/25 loss 0.1004
  finetune 21/25 loss 0.0919
  finetune 22/25 loss 0.0971
  finetune 23/25 loss 0.0944
  finetune 24/25 loss 0.1012
  finetune 25/25 loss 0.0993
C:\vibecoding\crossWalk\train\train_position_final.py:75: DeprecationWarning: You are using the legacy TorchScript-based ONNX export. Starting in PyTorch 2.9, the new torch.export-based ONNX exporter has become the default. Learn more about the new export logic: https://docs.pytorch.org/docs/stable/onnx_export.html. For exporting control flow: https://pytorch.org/tutorials/beginner/onnx/export_control_flow_model_to_onnx_tutorial.html
  torch.onnx.export(
가중치 저장: C:\vibecoding\crossWalk\model\crosswalk_position_final.pt
ONNX 저장: C:\vibecoding\crossWalk\model\crosswalk_position.onnx
  검증: ir_version=7, opset=12, output dims=[1, 1]
메타 저장: C:\vibecoding\crossWalk\model\position_meta.json  (sha256 d28c9d74110cb33a...)
에셋 복사: C:\vibecoding\crossWalk\crosswalk_app\assets\model\crosswalk_position.onnx (+ .sha256)
