==============================================================================
T97: 좌우 위치 회귀 (누수 없는 세션 기반 5-fold CV)
==============================================================================
위치 라벨 902장 로드 (파일 없음으로 건너뜀 0장, Surface 학습 전용 170장)
세션 160개, 근사중복 클러스터 901개
[검사 통과] 세션 160개 / 근사중복 클러스터 901개 — 모두 단일 fold에 귀속
  fold별 장수: [147, 147, 146, 146, 146]
[캐시] 신규 902장, 총 902장 (EXIF 보정, 전체 프레임)

[fold 0] train 755 / test 147
  frozen  1/10 loss 0.3962
  frozen  2/10 loss 0.3139
  frozen  3/10 loss 0.2929
  frozen  4/10 loss 0.2981
  frozen  5/10 loss 0.2924
  frozen  6/10 loss 0.2783
  frozen  7/10 loss 0.2794
  frozen  8/10 loss 0.2778
  frozen  9/10 loss 0.2696
  frozen  10/10 loss 0.2657
  finetune 1/25 loss 0.2655
  finetune 2/25 loss 0.2652
  finetune 3/25 loss 0.2587
  finetune 4/25 loss 0.2509
  finetune 5/25 loss 0.2535
  finetune 6/25 loss 0.2456
  finetune 7/25 loss 0.2356
  finetune 8/25 loss 0.2399
  finetune 9/25 loss 0.2299
  finetune 10/25 loss 0.2278
  finetune 11/25 loss 0.2188
  finetune 12/25 loss 0.2123
  finetune 13/25 loss 0.2086
  finetune 14/25 loss 0.1916
  finetune 15/25 loss 0.1860
  finetune 16/25 loss 0.1781
  finetune 17/25 loss 0.1736
  finetune 18/25 loss 0.1672
  finetune 19/25 loss 0.1625
  finetune 20/25 loss 0.1703
  finetune 21/25 loss 0.1613
  finetune 22/25 loss 0.1581
  finetune 23/25 loss 0.1616
  finetune 24/25 loss 0.1669
  finetune 25/25 loss 0.1608
  -> fold 0 위치 평균오차 0.61 (단위: 위치 단계)

[fold 1] train 755 / test 147
  frozen  1/10 loss 0.3883
  frozen  2/10 loss 0.3482
  frozen  3/10 loss 0.3112
  frozen  4/10 loss 0.2819
  frozen  5/10 loss 0.2820
  frozen  6/10 loss 0.2826
  frozen  7/10 loss 0.2790
  frozen  8/10 loss 0.2776
  frozen  9/10 loss 0.2725
  frozen  10/10 loss 0.2735
  finetune 1/25 loss 0.2606
  finetune 2/25 loss 0.2577
  finetune 3/25 loss 0.2540
  finetune 4/25 loss 0.2536
  finetune 5/25 loss 0.2437
  finetune 6/25 loss 0.2374
  finetune 7/25 loss 0.2312
  finetune 8/25 loss 0.2196
  finetune 9/25 loss 0.2271
  finetune 10/25 loss 0.2058
  finetune 11/25 loss 0.2017
  finetune 12/25 loss 0.2005
  finetune 13/25 loss 0.1882
  finetune 14/25 loss 0.1711
  finetune 15/25 loss 0.1751
  finetune 16/25 loss 0.1614
  finetune 17/25 loss 0.1608
  finetune 18/25 loss 0.1617
  finetune 19/25 loss 0.1601
  finetune 20/25 loss 0.1457
  finetune 21/25 loss 0.1427
  finetune 22/25 loss 0.1408
  finetune 23/25 loss 0.1493
  finetune 24/25 loss 0.1493
  finetune 25/25 loss 0.1586
  -> fold 1 위치 평균오차 0.59 (단위: 위치 단계)

[fold 2] train 756 / test 146
  frozen  1/10 loss 0.3577
  frozen  2/10 loss 0.3696
  frozen  3/10 loss 0.3017
  frozen  4/10 loss 0.2827
  frozen  5/10 loss 0.2664
  frozen  6/10 loss 0.2717
  frozen  7/10 loss 0.2666
  frozen  8/10 loss 0.2733
  frozen  9/10 loss 0.2677
  frozen  10/10 loss 0.2579
  finetune 1/25 loss 0.2553
  finetune 2/25 loss 0.2511
  finetune 3/25 loss 0.2468
  finetune 4/25 loss 0.2479
  finetune 5/25 loss 0.2450
  finetune 6/25 loss 0.2363
  finetune 7/25 loss 0.2370
  finetune 8/25 loss 0.2252
  finetune 9/25 loss 0.2251
  finetune 10/25 loss 0.2174
  finetune 11/25 loss 0.2178
  finetune 12/25 loss 0.2070
  finetune 13/25 loss 0.1938
  finetune 14/25 loss 0.1882
  finetune 15/25 loss 0.1829
  finetune 16/25 loss 0.1763
  finetune 17/25 loss 0.1705
  finetune 18/25 loss 0.1659
  finetune 19/25 loss 0.1610
  finetune 20/25 loss 0.1663
  finetune 21/25 loss 0.1592
  finetune 22/25 loss 0.1577
  finetune 23/25 loss 0.1533
  finetune 24/25 loss 0.1564
  finetune 25/25 loss 0.1504
  -> fold 2 위치 평균오차 0.62 (단위: 위치 단계)

[fold 3] train 756 / test 146
  frozen  1/10 loss 0.3913
  frozen  2/10 loss 0.3145
  frozen  3/10 loss 0.2983
  frozen  4/10 loss 0.2881
  frozen  5/10 loss 0.2912
  frozen  6/10 loss 0.2886
  frozen  7/10 loss 0.2786
  frozen  8/10 loss 0.2745
  frozen  9/10 loss 0.2632
  frozen  10/10 loss 0.2716
  finetune 1/25 loss 0.2680
  finetune 2/25 loss 0.2649
  finetune 3/25 loss 0.2569
  finetune 4/25 loss 0.2527
  finetune 5/25 loss 0.2552
  finetune 6/25 loss 0.2424
  finetune 7/25 loss 0.2403
  finetune 8/25 loss 0.2280
  finetune 9/25 loss 0.2283
  finetune 10/25 loss 0.2135
  finetune 11/25 loss 0.2077
  finetune 12/25 loss 0.1980
  finetune 13/25 loss 0.1892
  finetune 14/25 loss 0.1759
  finetune 15/25 loss 0.1713
  finetune 16/25 loss 0.1710
  finetune 17/25 loss 0.1533
  finetune 18/25 loss 0.1515
  finetune 19/25 loss 0.1490
  finetune 20/25 loss 0.1484
  finetune 21/25 loss 0.1454
  finetune 22/25 loss 0.1418
  finetune 23/25 loss 0.1477
  finetune 24/25 loss 0.1415
  finetune 25/25 loss 0.1435
  -> fold 3 위치 평균오차 0.53 (단위: 위치 단계)

[fold 4] train 756 / test 146
  frozen  1/10 loss 0.3958
  frozen  2/10 loss 0.3309
  frozen  3/10 loss 0.2826
  frozen  4/10 loss 0.2854
  frozen  5/10 loss 0.2779
  frozen  6/10 loss 0.2678
  frozen  7/10 loss 0.2705
  frozen  8/10 loss 0.2674
  frozen  9/10 loss 0.2614
  frozen  10/10 loss 0.2747
  finetune 1/25 loss 0.2613
  finetune 2/25 loss 0.2592
  finetune 3/25 loss 0.2524
  finetune 4/25 loss 0.2462
  finetune 5/25 loss 0.2495
  finetune 6/25 loss 0.2433
  finetune 7/25 loss 0.2335
  finetune 8/25 loss 0.2335
  finetune 9/25 loss 0.2253
  finetune 10/25 loss 0.2120
  finetune 11/25 loss 0.2033
  finetune 12/25 loss 0.1890
  finetune 13/25 loss 0.1721
  finetune 14/25 loss 0.1701
  finetune 15/25 loss 0.1707
  finetune 16/25 loss 0.1632
  finetune 17/25 loss 0.1517
  finetune 18/25 loss 0.1547
  finetune 19/25 loss 0.1446
  finetune 20/25 loss 0.1430
  finetune 21/25 loss 0.1421
  finetune 22/25 loss 0.1373
  finetune 23/25 loss 0.1441
  finetune 24/25 loss 0.1342
  finetune 25/25 loss 0.1372
  -> fold 4 위치 평균오차 0.64 (단위: 위치 단계)

==============================================================================
결과 (자체 사진 732장, 평가는 자체만)
==============================================================================
  위치 MAE 0.60 단계 (기준선 '항상 0' 0.69)
  임계 1.0: 왼쪽 끝(-2)   n= 63 재현  14.3%  정밀도  52.9%  (오검출 8장 중 치우침(±1) 7, 중앙/반대 1)
  임계 1.0: 오른쪽 끝(+2)  n= 56 재현   8.9%  정밀도  62.5%  (오검출 3장 중 치우침(±1) 3, 중앙/반대 0)
  임계 1.5: 왼쪽 끝(-2)   n= 63 재현   1.6%  정밀도 100.0%  (오검출 0장 중 치우침(±1) 0, 중앙/반대 0)
  임계 1.5: 오른쪽 끝(+2)  n= 56 재현   1.8%  정밀도  50.0%  (오검출 1장 중 치우침(±1) 1, 중앙/반대 0)

  3구간 혼동(임계 1.5), 행=정답 열=예측 [왼쪽끝, 안, 오른쪽끝]:
    왼쪽끝        [1, 62, 0]  (n=63)
    안(-1~+1)   [0, 612, 1]  (n=613)
    오른쪽끝       [0, 55, 1]  (n=56)

예측값 저장: C:\vibecoding\crossWalk\train\position_cv_predictions.csv
