위치 라벨 983장 로드 (파일 없음으로 건너뜀 0장, Surface 학습 전용 170장)
위치 라벨 983장 전량으로 배포 모델 학습
[캐시] 신규 0장, 총 983장 (EXIF 보정, 전체 프레임)
  frozen  1/10 loss 0.3662
  frozen  2/10 loss 0.3298
  frozen  3/10 loss 0.3072
  frozen  4/10 loss 0.3002
  frozen  5/10 loss 0.2907
  frozen  6/10 loss 0.2992
  frozen  7/10 loss 0.2877
  frozen  8/10 loss 0.2795
  frozen  9/10 loss 0.2818
  frozen  10/10 loss 0.2832
  finetune 1/25 loss 0.2762
  finetune 2/25 loss 0.2734
  finetune 3/25 loss 0.2687
  finetune 4/25 loss 0.2636
  finetune 5/25 loss 0.2538
  finetune 6/25 loss 0.2511
  finetune 7/25 loss 0.2282
  finetune 8/25 loss 0.2074
  finetune 9/25 loss 0.1840
  finetune 10/25 loss 0.1737
  finetune 11/25 loss 0.1595
  finetune 12/25 loss 0.1595
  finetune 13/25 loss 0.1469
  finetune 14/25 loss 0.1368
  finetune 15/25 loss 0.1414
  finetune 16/25 loss 0.1252
  finetune 17/25 loss 0.1243
  finetune 18/25 loss 0.1250
  finetune 19/25 loss 0.1194
  finetune 20/25 loss 0.1145
  finetune 21/25 loss 0.1143
  finetune 22/25 loss 0.1132
  finetune 23/25 loss 0.1167
  finetune 24/25 loss 0.1055
  finetune 25/25 loss 0.1078
C:\vibecoding\crossWalk\train\train_position_final.py:75: DeprecationWarning: You are using the legacy TorchScript-based ONNX export. Starting in PyTorch 2.9, the new torch.export-based ONNX exporter has become the default. Learn more about the new export logic: https://docs.pytorch.org/docs/stable/onnx_export.html. For exporting control flow: https://pytorch.org/tutorials/beginner/onnx/export_control_flow_model_to_onnx_tutorial.html
  torch.onnx.export(
가중치 저장: C:\vibecoding\crossWalk\model\crosswalk_position_final.pt
ONNX 저장: C:\vibecoding\crossWalk\model\crosswalk_position.onnx
  검증: ir_version=7, opset=12, output dims=[1, 1]
메타 저장: C:\vibecoding\crossWalk\model\position_meta.json  (sha256 f000c828f774d031...)
에셋 복사: C:\vibecoding\crossWalk\crosswalk_app\assets\model\crosswalk_position.onnx (+ .sha256)
