==============================================================================
(1) 스크린샷 개별 대조 — 파일명을 확정한 2장
==============================================================================

20260708_203311.jpg  정답=left
  화면표시 : front, 보정 5 (원시 6), 화살표 지면(3D)
  원본직접 : left (확신 0.973), 각도 +7.0도
  누수없는CV: left
  사람 라벨 : 기하 +52.2도 / 가중 +52.2도
  T79 일치? : 원본 True / 화면 True -> False면 평면 화살표로 되돌아간다

20260709_201946.jpg  정답=right
  화면표시 : right, 보정 17 (원시 22), 화살표 평면(초기버전)
  원본직접 : right (확신 0.939), 각도 -22.9도
  누수없는CV: approach
  사람 라벨 : 기하 -24.4도 / 가중 -24.4도
  T79 일치? : 원본 True / 화면 False -> False면 평면 화살표로 되돌아간다

==============================================================================
(2) 항목2 — 왼쪽 이탈이 무엇으로 판정되는가 (원본 직접 / 누수없는CV)
==============================================================================

3_left 161장
  원본직접  : {'left': 143, '무판정': 7, 'front': 5, 'none': 3, 'approach': 2, 'right': 1}
  누수없는CV: {'left': 108, 'right': 6, 'approach': 4, 'front': 4, 'none': 2}  (front 오판 4장 = 3.2%)

4_right 200장
  원본직접  : {'right': 187, 'front': 6, 'approach': 5, '무판정': 2}
  누수없는CV: {'right': 148, 'approach': 8, 'front': 6, 'left': 4, 'none': 3}  (front 오판 6장 = 3.6%)

==============================================================================
(3) 항목3 — 평면 화살표로 되돌아가는 빈도 (T79 불일치)
==============================================================================
  front/left/right로 판정된 531장 중 평면으로 되돌아감: 16장 (3.0%)

==============================================================================
(4) 항목4 — 배포 각도 모델 예측 vs 사람이 매긴 라벨
==============================================================================

2_front 185장 (각도 라벨 있는 것만)
  |예측| 평균   6.5도   |기하 v3| 평균   2.1도   |가중| 평균   2.1도
  가중 라벨 대비 평균절대오차 6.1도, 부호 불일치 85장

3_left 156장 (각도 라벨 있는 것만)
  |예측| 평균  37.0도   |기하 v3| 평균  47.8도   |가중| 평균  48.7도
  가중 라벨 대비 평균절대오차 14.2도, 부호 불일치 0장

4_right 198장 (각도 라벨 있는 것만)
  |예측| 평균  41.6도   |기하 v3| 평균  41.2도   |가중| 평균  42.0도
  가중 라벨 대비 평균절대오차 11.6도, 부호 불일치 5장
