사진 46399 / 폴더 단위 분할: train 36828, val 4853, test 4718
train 픽셀 비율: 배경 18.64% / 인도 40.53% / 차도 37.41% / 횡단보도 2.04% / 점자블록 선형 0.49% / 점자블록 점형 0.89%
클래스 가중치: [0.37, 0.25, 0.26, 1.12, 2.29, 1.7]
에폭별 검증 1000장, 최종 평가(test) 4718장
  [ep 1] 100/300 loss 1.7861 (6.53s/배치)
  [ep 1] 200/300 loss 1.5089 (3.60s/배치)
  [ep 1] 300/300 loss 1.2736 (2.64s/배치)
[ep 1] loss 1.2736 val mIoU 0.545 | 배경 0.46 인도 0.77 차도 0.72 횡단보도 0.58 점자블록 선형 0.36 점자블록 점형 0.39 | 838s
  [ep 2] 100/300 loss 0.6369 (1.20s/배치)
  [ep 2] 200/300 loss 0.6256 (1.16s/배치)
  [ep 2] 300/300 loss 0.6023 (1.16s/배치)
[ep 2] loss 0.6023 val mIoU 0.608 | 배경 0.51 인도 0.79 차도 0.78 횡단보도 0.69 점자블록 선형 0.42 점자블록 점형 0.46 | 377s
  [ep 3] 100/300 loss 0.5415 (3.46s/배치)
  [ep 3] 200/300 loss 0.5393 (2.89s/배치)
  [ep 3] 300/300 loss 0.5285 (2.32s/배치)
[ep 3] loss 0.5285 val mIoU 0.555 | 배경 0.53 인도 0.75 차도 0.75 횡단보도 0.56 점자블록 선형 0.19 점자블록 점형 0.54 | 734s
  [ep 4] 100/300 loss 0.5162 (0.82s/배치)
  [ep 4] 200/300 loss 0.5106 (0.92s/배치)
  [ep 4] 300/300 loss 0.5090 (0.90s/배치)
[ep 4] loss 0.5090 val mIoU 0.628 | 배경 0.52 인도 0.78 차도 0.78 횡단보도 0.64 점자블록 선형 0.55 점자블록 점형 0.49 | 297s
  [ep 5] 100/300 loss 0.5058 (0.82s/배치)
  [ep 5] 200/300 loss 0.4995 (0.74s/배치)
  [ep 5] 300/300 loss 0.4869 (0.81s/배치)
[ep 5] loss 0.4869 val mIoU 0.642 | 배경 0.55 인도 0.80 차도 0.77 횡단보도 0.55 점자블록 선형 0.59 점자블록 점형 0.59 | 278s
  [ep 6] 100/300 loss 0.4331 (1.61s/배치)
  [ep 6] 200/300 loss 0.4576 (1.19s/배치)
  [ep 6] 300/300 loss 0.4500 (1.13s/배치)
[ep 6] loss 0.4500 val mIoU 0.667 | 배경 0.57 인도 0.81 차도 0.78 횡단보도 0.71 점자블록 선형 0.56 점자블록 점형 0.57 | 387s
  [ep 7] 100/300 loss 0.4091 (1.58s/배치)
  [ep 7] 200/300 loss 0.4018 (1.40s/배치)
  [ep 7] 300/300 loss 0.4024 (1.41s/배치)
[ep 7] loss 0.4024 val mIoU 0.649 | 배경 0.58 인도 0.80 차도 0.78 횡단보도 0.65 점자블록 선형 0.46 점자블록 점형 0.64 | 459s
  [ep 8] 100/300 loss 0.4389 (1.04s/배치)
  [ep 8] 200/300 loss 0.4154 (1.32s/배치)
  [ep 8] 300/300 loss 0.4022 (1.33s/배치)
[ep 8] loss 0.4022 val mIoU 0.690 | 배경 0.58 인도 0.83 차도 0.81 횡단보도 0.72 점자블록 선형 0.60 점자블록 점형 0.61 | 431s
  [ep 9] 100/300 loss 0.3551 (2.32s/배치)
  [ep 9] 200/300 loss 0.3558 (2.01s/배치)
  [ep 9] 300/300 loss 0.3564 (1.79s/배치)
[ep 9] loss 0.3564 val mIoU 0.673 | 배경 0.60 인도 0.83 차도 0.81 횡단보도 0.59 점자블록 선형 0.60 점자블록 점형 0.61 | 587s
  [ep 10] 100/300 loss 0.3678 (2.80s/배치)
  [ep 10] 200/300 loss 0.3527 (2.80s/배치)
  [ep 10] 300/300 loss 0.3479 (2.54s/배치)
[ep 10] loss 0.3479 val mIoU 0.697 | 배경 0.60 인도 0.84 차도 0.82 횡단보도 0.69 점자블록 선형 0.63 점자블록 점형 0.60 | 792s
  [ep 11] 100/300 loss 0.3600 (0.88s/배치)
  [ep 11] 200/300 loss 0.3560 (0.91s/배치)
  [ep 11] 300/300 loss 0.3539 (1.01s/배치)
[ep 11] loss 0.3539 val mIoU 0.710 | 배경 0.61 인도 0.83 차도 0.82 횡단보도 0.73 점자블록 선형 0.65 점자블록 점형 0.62 | 354s
  [ep 12] 100/300 loss 0.3437 (1.17s/배치)
  [ep 12] 200/300 loss 0.3433 (1.25s/배치)
  [ep 12] 300/300 loss 0.3529 (1.21s/배치)
[ep 12] loss 0.3529 val mIoU 0.711 | 배경 0.61 인도 0.84 차도 0.82 횡단보도 0.72 점자블록 선형 0.65 점자블록 점형 0.62 | 395s

===== TEST (폴더 단위 홀드아웃, 최선 val 모델) =====
mIoU 0.704
  배경         IoU 0.615
  인도         IoU 0.830
  차도         IoU 0.806
  횡단보도       IoU 0.751
  점자블록 선형    IoU 0.608
  점자블록 점형    IoU 0.617
발 앞 영역(가운데 1/3 × 아래 1/2, 5% 이상) 판정:
  인도         재현 2715/2836 (95.7%)  정밀도 2715/2956 (91.8%)
  차도         재현 1716/1899 (90.4%)  정밀도 1716/1901 (90.3%)
  횡단보도       재현 124/129 (96.1%)  정밀도 124/160 (77.5%)
  점자블록 선형    재현 128/131 (97.7%)  정밀도 128/168 (76.2%)
  점자블록 점형    재현 160/171 (93.6%)  정밀도 160/190 (84.2%)
C:\vibecoding\crossWalk\train\train_seg_t104.py:161: DeprecationWarning: You are using the legacy TorchScript-based ONNX export. Starting in PyTorch 2.9, the new torch.export-based ONNX exporter has become the default. Learn more about the new export logic: https://docs.pytorch.org/docs/stable/onnx_export.html. For exporting control flow: https://pytorch.org/tutorials/beginner/onnx/export_control_flow_model_to_onnx_tutorial.html
  torch.onnx.export(model, torch.randn(1, 3, SIZE, SIZE), ONNX_OUT, input_names=["input"],
ONNX: C:\vibecoding\crossWalk\model\crosswalk_surface_t104.onnx
train exit=0
