사진 46399 / 폴더 단위 분할: train 36828, val 4853, test 4718
train 픽셀 비율: 배경 17.24% / 인도 40.34% / 차도 37.21% / 횡단보도 2.03% / 점자블록 선형 0.49% / 점자블록 점형 0.89% / 계단 0.22% / 맨홀·그레이팅 0.99% / 가로수 구역 0.58%
클래스 가중치: [0.26, 0.17, 0.18, 0.77, 1.57, 1.16, 2.32, 1.11, 1.45]
에폭별 검증 1000장, 최종 평가(test) 4718장
  [ep 1] 100/300 loss 2.2458 (0.78s/배치)
  [ep 1] 200/300 loss 1.9303 (0.73s/배치)
  [ep 1] 300/300 loss 1.6554 (0.75s/배치)
[ep 1] loss 1.6554 val mIoU 0.411 | 배경 0.48 인도 0.75 차도 0.73 횡단보도 0.52 점자블록 선형 0.32 점자블록 점형 0.38 계단 0.00 맨홀·그레이팅 0.31 가로수 구역 0.21 | 253s
  [ep 2] 100/300 loss 0.8858 (0.77s/배치)
  [ep 2] 200/300 loss 0.8219 (0.84s/배치)
  [ep 2] 300/300 loss 0.7732 (0.82s/배치)
[ep 2] loss 0.7732 val mIoU 0.412 | 배경 0.51 인도 0.70 차도 0.64 횡단보도 0.61 점자블록 선형 0.31 점자블록 점형 0.24 계단 0.00 맨홀·그레이팅 0.31 가로수 구역 0.38 | 273s
  [ep 3] 100/300 loss 0.6908 (0.78s/배치)
  [ep 3] 200/300 loss 0.6762 (0.83s/배치)
  [ep 3] 300/300 loss 0.6542 (0.79s/배치)
[ep 3] loss 0.6542 val mIoU 0.482 | 배경 0.54 인도 0.80 차도 0.77 횡단보도 0.59 점자블록 선형 0.50 점자블록 점형 0.47 계단 0.01 맨홀·그레이팅 0.33 가로수 구역 0.33 | 264s
  [ep 4] 100/300 loss 0.6398 (0.72s/배치)
  [ep 4] 200/300 loss 0.6263 (0.72s/배치)
  [ep 4] 300/300 loss 0.6228 (0.71s/배치)
[ep 4] loss 0.6228 val mIoU 0.492 | 배경 0.54 인도 0.77 차도 0.75 횡단보도 0.64 점자블록 선형 0.54 점자블록 점형 0.44 계단 0.00 맨홀·그레이팅 0.36 가로수 구역 0.39 | 242s
  [ep 5] 100/300 loss 0.6900 (0.80s/배치)
  [ep 5] 200/300 loss 0.6264 (0.81s/배치)
  [ep 5] 300/300 loss 0.6074 (0.80s/배치)
[ep 5] loss 0.6074 val mIoU 0.498 | 배경 0.55 인도 0.80 차도 0.78 횡단보도 0.57 점자블록 선형 0.47 점자블록 점형 0.53 계단 0.04 맨홀·그레이팅 0.42 가로수 구역 0.33 | 270s
  [ep 6] 100/300 loss 0.5718 (0.82s/배치)
  [ep 6] 200/300 loss 0.5710 (0.76s/배치)
  [ep 6] 300/300 loss 0.5692 (0.75s/배치)
[ep 6] loss 0.5692 val mIoU 0.560 | 배경 0.57 인도 0.80 차도 0.78 횡단보도 0.70 점자블록 선형 0.62 점자블록 점형 0.60 계단 0.02 맨홀·그레이팅 0.46 가로수 구역 0.48 | 250s
  [ep 7] 100/300 loss 0.5047 (0.66s/배치)
  [ep 7] 200/300 loss 0.5061 (0.67s/배치)
  [ep 7] 300/300 loss 0.5174 (0.67s/배치)
[ep 7] loss 0.5174 val mIoU 0.559 | 배경 0.58 인도 0.82 차도 0.79 횡단보도 0.67 점자블록 선형 0.66 점자블록 점형 0.64 계단 0.01 맨홀·그레이팅 0.45 가로수 구역 0.41 | 229s
  [ep 8] 100/300 loss 0.5223 (0.67s/배치)
  [ep 8] 200/300 loss 0.5107 (0.67s/배치)
  [ep 8] 300/300 loss 0.5057 (0.68s/배치)
[ep 8] loss 0.5057 val mIoU 0.563 | 배경 0.57 인도 0.83 차도 0.81 횡단보도 0.65 점자블록 선형 0.65 점자블록 점형 0.61 계단 0.05 맨홀·그레이팅 0.46 가로수 구역 0.44 | 229s
  [ep 9] 100/300 loss 0.4810 (0.67s/배치)
  [ep 9] 200/300 loss 0.4775 (0.67s/배치)
  [ep 9] 300/300 loss 0.4687 (0.67s/배치)
[ep 9] loss 0.4687 val mIoU 0.569 | 배경 0.60 인도 0.82 차도 0.81 횡단보도 0.74 점자블록 선형 0.61 점자블록 점형 0.61 계단 0.02 맨홀·그레이팅 0.48 가로수 구역 0.42 | 228s
  [ep 10] 100/300 loss 0.5221 (0.69s/배치)
  [ep 10] 200/300 loss 0.4766 (0.68s/배치)
  [ep 10] 300/300 loss 0.4683 (0.68s/배치)
[ep 10] loss 0.4683 val mIoU 0.574 | 배경 0.61 인도 0.82 차도 0.81 횡단보도 0.68 점자블록 선형 0.64 점자블록 점형 0.65 계단 0.04 맨홀·그레이팅 0.47 가로수 구역 0.45 | 230s
  [ep 11] 100/300 loss 0.4389 (0.70s/배치)
  [ep 11] 200/300 loss 0.4424 (0.69s/배치)
  [ep 11] 300/300 loss 0.4340 (0.68s/배치)
[ep 11] loss 0.4340 val mIoU 0.588 | 배경 0.61 인도 0.83 차도 0.81 횡단보도 0.73 점자블록 선형 0.64 점자블록 점형 0.65 계단 0.06 맨홀·그레이팅 0.50 가로수 구역 0.47 | 232s
  [ep 12] 100/300 loss 0.4197 (0.68s/배치)
  [ep 12] 200/300 loss 0.4106 (0.68s/배치)
  [ep 12] 300/300 loss 0.4116 (0.68s/배치)
[ep 12] loss 0.4116 val mIoU 0.587 | 배경 0.61 인도 0.83 차도 0.81 횡단보도 0.72 점자블록 선형 0.64 점자블록 점형 0.65 계단 0.06 맨홀·그레이팅 0.48 가로수 구역 0.47 | 230s

===== TEST (폴더 단위 홀드아웃, 최선 val 모델) =====
mIoU 0.582
  배경         IoU 0.618
  인도         IoU 0.822
  차도         IoU 0.795
  횡단보도       IoU 0.730
  점자블록 선형    IoU 0.612
  점자블록 점형    IoU 0.617
  계단         IoU 0.168
  맨홀·그레이팅    IoU 0.455
  가로수 구역     IoU 0.422
발 앞 영역(가운데 1/3 × 아래 1/2, 5% 이상) 판정:
  인도         재현 2689/2835 (94.9%)  정밀도 2689/2910 (92.4%)
  차도         재현 1715/1898 (90.4%)  정밀도 1715/1930 (88.9%)
  횡단보도       재현 124/129 (96.1%)  정밀도 124/162 (76.5%)
  점자블록 선형    재현 127/131 (96.9%)  정밀도 127/159 (79.9%)
  점자블록 점형    재현 161/171 (94.2%)  정밀도 161/194 (83.0%)
  계단         재현 3/9 (33.3%)  정밀도 3/7 (42.9%)
  맨홀·그레이팅    재현 151/164 (92.1%)  정밀도 151/209 (72.2%)
  가로수 구역     재현 46/50 (92.0%)  정밀도 46/75 (61.3%)
C:\vibecoding\crossWalk\train\train_seg_t105.py:167: DeprecationWarning: You are using the legacy TorchScript-based ONNX export. Starting in PyTorch 2.9, the new torch.export-based ONNX exporter has become the default. Learn more about the new export logic: https://docs.pytorch.org/docs/stable/onnx_export.html. For exporting control flow: https://pytorch.org/tutorials/beginner/onnx/export_control_flow_model_to_onnx_tutorial.html
  torch.onnx.export(model, torch.randn(1, 3, SIZE, SIZE), ONNX_OUT, input_names=["input"],
ONNX: C:\vibecoding\crossWalk\model\crosswalk_surface_t105.onnx
train exit=0
